127.0.0.1 - - [18/Sep/2026 09:13:38] "GET /api/wallet HTTP/1.1" 200 -
----------------------------------------
Exception occurred during processing of request from ('127.0.0.1', 54082)
Traceback (most recent call last):
  File "/Library/Frameworks/Python.framework/Versions/3.12/lib/python3.12/socketserver.py", line 318, in _handle_request_noblock
    self.process_request(request, client_address)
  File "/Library/Frameworks/Python.framework/Versions/3.12/lib/python3.12/socketserver.py", line 349, in process_request
    self.finish_request(request, client_address)
  File "/Library/Frameworks/Python.framework/Versions/3.12/lib/python3.12/socketserver.py", line 362, in finish_request
    self.RequestHandlerClass(request, client_address, self)
  File "/Library/Frameworks/Python.framework/Versions/3.12/lib/python3.12/http/server.py", line 672, in __init__
    super().__init__(*args, **kwargs)
  File "/Library/Frameworks/Python.framework/Versions/3.12/lib/python3.12/socketserver.py", line 761, in __init__
    self.handle()
  File "/Library/Frameworks/Python.framework/Versions/3.12/lib/python3.12/http/server.py", line 436, in handle
    self.handle_one_request()
  File "/Library/Frameworks/Python.framework/Versions/3.12/lib/python3.12/http/server.py", line 424, in handle_one_request
    method()
  File "/Users/Doodlepuff/structor-engine/interface.py", line 27, in do_GET
    c.execute('SELECT COUNT(*), COALESCE(SUM(reward), 0) FROM transactions')
sqlite3.OperationalError: no such table: transactions
----------------------------------------
